
> solo-leveling-tracker@0.1.0 build
> next build

node.exe : ΓÜá Warning: Next.js 
inferred your workspace root, but 
it may not be correct.
At C:\Users\piyus\AppData\Roaming\np
m\npm.ps1:24 char:5
+     & "node$exe"  "$basedir/node_m
odules/npm/bin/npm-cli.js" $args
+     ~~~~~~~~~~~~~~~~~~~~~~~~~~~~~~
~~~~~~~~~~~~~~~~~~~~~~~~~~~~~~~~
    + CategoryInfo          : NotSp 
   ecified: (ΓÜá Warning: Ne...not  
   be correct.:String) [], Remote   
 Exception
    + FullyQualifiedErrorId : Nativ 
   eCommandError
 
 We detected multiple lockfiles and 
selected the directory of C:\Users\p
iyus\AppData\Local\Programs\Python\P
ython313\project\Habbit 
Tracker\package-lock.json as the 
root directory.
 To silence this warning, set 
`turbopack.root` in your Next.js 
config, or consider removing one of 
the lockfiles if it's not needed.
   See https://nextjs.org/docs/app/a
pi-reference/config/next-config-js/t
urbopack#root-directory for more 
information.
 Detected additional lockfiles: 
   * C:\Users\piyus\AppData\Local\Pr
ograms\Python\Python313\project\Habb
it Tracker\solo-leveling-tracker\pac
kage-lock.json

Γû▓ Next.js 16.1.6 (Turbopack)
- Environments: .env.local

  Creating an optimized production build ...

> Build error occurred
Error: Turbopack build failed with 
1 errors:
./solo-leveling-tracker/src/app/cons
ole/page.tsx:4:1
Module not found: Can't resolve 
'@/components/system/SystemConsole'
[0m [90m 2 |[39m
 [90m 3 |[39m [36mimport[39m { 
useSession } [36mfrom[39m [32m"ne
xt-auth/react"[39m[33m;[39m
[31m[1m>[22m[39m[90m 4 |[39m 
[36mimport[39m 
[33mSystemConsole[39m 
[36mfrom[39m [32m"@/components/sy
stem/SystemConsole"[39m[33m;[39m
 [90m   |[39m [31m[1m^[22m[39m
[31m[1m^[22m[39m[31m[1m^[22m
[39m[31m[1m^[22m[39m[31m[1m^[
22m[39m[31m[1m^[22m[39m[31m[1
m^[22m[39m[31m[1m^[22m[39m[31
m[1m^[22m[39m[31m[1m^[22m[39m
[31m[1m^[22m[39m[31m[1m^[22m
[39m[31m[1m^[22m[39m[31m[1m^[
22m[39m[31m[1m^[22m[39m[31m[1
m^[22m[39m[31m[1m^[22m[39m[31
m[1m^[22m[39m[31m[1m^[22m[39m
[31m[1m^[22m[39m[31m[1m^[22m
[39m[31m[1m^[22m[39m[31m[1m^[
22m[39m[31m[1m^[22m[39m[31m[1
m^[22m[39m[31m[1m^[22m[39m[31
m[1m^[22m[39m[31m[1m^[22m[39m
[31m[1m^[22m[39m[31m[1m^[22m
[39m[31m[1m^[22m[39m[31m[1m^[
22m[39m[31m[1m^[22m[39m[31m[1
m^[22m[39m[31m[1m^[22m[39m[31
m[1m^[22m[39m[31m[1m^[22m[39m
[31m[1m^[22m[39m[31m[1m^[22m
[39m[31m[1m^[22m[39m[31m[1m^[
22m[39m[31m[1m^[22m[39m[31m[1
m^[22m[39m[31m[1m^[22m[39m[31
m[1m^[22m[39m[31m[1m^[22m[39m
[31m[1m^[22m[39m[31m[1m^[22m
[39m[31m[1m^[22m[39m[31m[1m^[
22m[39m[31m[1m^[22m[39m[31m[1
m^[22m[39m[31m[1m^[22m[39m[31
m[1m^[22m[39m[31m[1m^[22m[39m
[31m[1m^[22m[39m[31m[1m^[22m
[39m[31m[1m^[22m[39m[31m[1m^[
22m[39m[31m[1m^[22m[39m[31m[1
m^[22m[39m[31m[1m^[22m[39m
 [90m 5 |[39m [36mimport[39m 
[33mAppNav[39m [36mfrom[39m [32
m"@/components/AppNav"[39m[33m;[3
9m
 [90m 6 |[39m
 [90m 7 |[39m [36mexport[39m 
[36mdefault[39m 
[36mfunction[39m 
[33mConsolePage[39m() {[0m

Import map: aliased to relative './s
rc/components/system/SystemConsole' 
inside of 
[project]/solo-leveling-tracker


Import traces:
  Client Component Browser:
    ./solo-leveling-tracker/src/app/
console/page.tsx [Client Component 
Browser]
    ./solo-leveling-tracker/src/app/
console/page.tsx [Server Component]

  Client Component SSR:
    ./solo-leveling-tracker/src/app/
console/page.tsx [Client Component 
SSR]
    ./solo-leveling-tracker/src/app/
console/page.tsx [Server Component]

https://nextjs.org/docs/messages/mod
ule-not-found


    at <unknown> (./solo-leveling-tr
acker/src/app/console/page.tsx:4:1)
    at <unknown> (https://nextjs.org
/docs/messages/module-not-found)
